MPLINK 4.49, Linker
Linker Map File - Created Fri Nov 27 23:25:34 2020

                                 Section Info
                  Section       Type    Address   Location Size(Bytes)
                ---------  ---------  ---------  ---------  ---------
                   .org_0       code   0x000000    program   0x000000
                   .org_1       code   0x000000    program   0x000004
                   .org_2       code   0x000008    program   0x000002
                   .org_3       code   0x000018    program   0x000290



                              Program Memory Usage 
                               Start         End      
                           ---------   ---------      
                            0x000000    0x000003      
                            0x000008    0x000009      
                            0x000018    0x0002a7      
            662 out of 33048 program addresses used, program memory utilization is 2%



                              Symbols - Sorted by Name
                     Name    Address   Location    Storage File                     
                ---------  ---------  ---------  --------- ---------                
                  HASHTAG   0x0000fe    program     static C:\Users\fariz fadil\Documents\MICROASSIGNMENT\MIDPROJECT.ASM
                   KEYPAD   0x000076    program     static C:\Users\fariz fadil\Documents\MICROASSIGNMENT\MIDPROJECT.ASM
                   MYNAME   0x000164    program     static C:\Users\fariz fadil\Documents\MICROASSIGNMENT\MIDPROJECT.ASM
                     MYid   0x00019a    program     static C:\Users\fariz fadil\Documents\MICROASSIGNMENT\MIDPROJECT.ASM
                     NUM0   0x0000f2    program     static C:\Users\fariz fadil\Documents\MICROASSIGNMENT\MIDPROJECT.ASM
                     NUM1   0x00007a    program     static C:\Users\fariz fadil\Documents\MICROASSIGNMENT\MIDPROJECT.ASM
                     NUM2   0x000086    program     static C:\Users\fariz fadil\Documents\MICROASSIGNMENT\MIDPROJECT.ASM
                     NUM3   0x000092    program     static C:\Users\fariz fadil\Documents\MICROASSIGNMENT\MIDPROJECT.ASM
                     NUM4   0x00009e    program     static C:\Users\fariz fadil\Documents\MICROASSIGNMENT\MIDPROJECT.ASM
                     NUM5   0x0000aa    program     static C:\Users\fariz fadil\Documents\MICROASSIGNMENT\MIDPROJECT.ASM
                     NUM6   0x0000b6    program     static C:\Users\fariz fadil\Documents\MICROASSIGNMENT\MIDPROJECT.ASM
                     NUM7   0x0000c2    program     static C:\Users\fariz fadil\Documents\MICROASSIGNMENT\MIDPROJECT.ASM
                     NUM8   0x0000ce    program     static C:\Users\fariz fadil\Documents\MICROASSIGNMENT\MIDPROJECT.ASM
                     NUM9   0x0000da    program     static C:\Users\fariz fadil\Documents\MICROASSIGNMENT\MIDPROJECT.ASM
                     STAR   0x0000e6    program     static C:\Users\fariz fadil\Documents\MICROASSIGNMENT\MIDPROJECT.ASM
                    again   0x000022    program     static C:\Users\fariz fadil\Documents\MICROASSIGNMENT\MIDPROJECT.ASM
                   again1   0x00001e    program     static C:\Users\fariz fadil\Documents\MICROASSIGNMENT\MIDPROJECT.ASM
                   check1   0x000292    program     static C:\Users\fariz fadil\Documents\MICROASSIGNMENT\MIDPROJECT.ASM
                   check2   0x00029a    program     static C:\Users\fariz fadil\Documents\MICROASSIGNMENT\MIDPROJECT.ASM
                   check3   0x0002a2    program     static C:\Users\fariz fadil\Documents\MICROASSIGNMENT\MIDPROJECT.ASM
               clrdisplay   0x00015a    program     static C:\Users\fariz fadil\Documents\MICROASSIGNMENT\MIDPROJECT.ASM
                   cursor   0x000152    program     static C:\Users\fariz fadil\Documents\MICROASSIGNMENT\MIDPROJECT.ASM
                    delay   0x00001a    program     static C:\Users\fariz fadil\Documents\MICROASSIGNMENT\MIDPROJECT.ASM
                     keyA   0x00004e    program     static C:\Users\fariz fadil\Documents\MICROASSIGNMENT\MIDPROJECT.ASM
                     keyB   0x000058    program     static C:\Users\fariz fadil\Documents\MICROASSIGNMENT\MIDPROJECT.ASM
                     keyC   0x000062    program     static C:\Users\fariz fadil\Documents\MICROASSIGNMENT\MIDPROJECT.ASM
                     keyD   0x00006c    program     static C:\Users\fariz fadil\Documents\MICROASSIGNMENT\MIDPROJECT.ASM
                      lcd   0x000144    program     static C:\Users\fariz fadil\Documents\MICROASSIGNMENT\MIDPROJECT.ASM
                    line1   0x000128    program     static C:\Users\fariz fadil\Documents\MICROASSIGNMENT\MIDPROJECT.ASM
                    line2   0x000136    program     static C:\Users\fariz fadil\Documents\MICROASSIGNMENT\MIDPROJECT.ASM
                   matrix   0x00014a    program     static C:\Users\fariz fadil\Documents\MICROASSIGNMENT\MIDPROJECT.ASM
                 sendDATA   0x00011a    program     static C:\Users\fariz fadil\Documents\MICROASSIGNMENT\MIDPROJECT.ASM
                    show#   0x00027c    program     static C:\Users\fariz fadil\Documents\MICROASSIGNMENT\MIDPROJECT.ASM
                    show0   0x000260    program     static C:\Users\fariz fadil\Documents\MICROASSIGNMENT\MIDPROJECT.ASM
                    show1   0x0001e2    program     static C:\Users\fariz fadil\Documents\MICROASSIGNMENT\MIDPROJECT.ASM
                    show2   0x0001f0    program     static C:\Users\fariz fadil\Documents\MICROASSIGNMENT\MIDPROJECT.ASM
                    show3   0x0001fe    program     static C:\Users\fariz fadil\Documents\MICROASSIGNMENT\MIDPROJECT.ASM
                    show4   0x00020c    program     static C:\Users\fariz fadil\Documents\MICROASSIGNMENT\MIDPROJECT.ASM
                    show5   0x00021a    program     static C:\Users\fariz fadil\Documents\MICROASSIGNMENT\MIDPROJECT.ASM
                    show6   0x000228    program     static C:\Users\fariz fadil\Documents\MICROASSIGNMENT\MIDPROJECT.ASM
                    show7   0x000236    program     static C:\Users\fariz fadil\Documents\MICROASSIGNMENT\MIDPROJECT.ASM
                    show8   0x000244    program     static C:\Users\fariz fadil\Documents\MICROASSIGNMENT\MIDPROJECT.ASM
                    show9   0x000252    program     static C:\Users\fariz fadil\Documents\MICROASSIGNMENT\MIDPROJECT.ASM
                 showstar   0x00026e    program     static C:\Users\fariz fadil\Documents\MICROASSIGNMENT\MIDPROJECT.ASM
                    start   0x00028a    program     static C:\Users\fariz fadil\Documents\MICROASSIGNMENT\MIDPROJECT.ASM
                 writecmd   0x00010c    program     static C:\Users\fariz fadil\Documents\MICROASSIGNMENT\MIDPROJECT.ASM



                              Symbols - Sorted by Address
                     Name    Address   Location    Storage File                     
                ---------  ---------  ---------  --------- ---------                
                    delay   0x00001a    program     static C:\Users\fariz fadil\Documents\MICROASSIGNMENT\MIDPROJECT.ASM
                   again1   0x00001e    program     static C:\Users\fariz fadil\Documents\MICROASSIGNMENT\MIDPROJECT.ASM
                    again   0x000022    program     static C:\Users\fariz fadil\Documents\MICROASSIGNMENT\MIDPROJECT.ASM
                     keyA   0x00004e    program     static C:\Users\fariz fadil\Documents\MICROASSIGNMENT\MIDPROJECT.ASM
                     keyB   0x000058    program     static C:\Users\fariz fadil\Documents\MICROASSIGNMENT\MIDPROJECT.ASM
                     keyC   0x000062    program     static C:\Users\fariz fadil\Documents\MICROASSIGNMENT\MIDPROJECT.ASM
                     keyD   0x00006c    program     static C:\Users\fariz fadil\Documents\MICROASSIGNMENT\MIDPROJECT.ASM
                   KEYPAD   0x000076    program     static C:\Users\fariz fadil\Documents\MICROASSIGNMENT\MIDPROJECT.ASM
                     NUM1   0x00007a    program     static C:\Users\fariz fadil\Documents\MICROASSIGNMENT\MIDPROJECT.ASM
                     NUM2   0x000086    program     static C:\Users\fariz fadil\Documents\MICROASSIGNMENT\MIDPROJECT.ASM
                     NUM3   0x000092    program     static C:\Users\fariz fadil\Documents\MICROASSIGNMENT\MIDPROJECT.ASM
                     NUM4   0x00009e    program     static C:\Users\fariz fadil\Documents\MICROASSIGNMENT\MIDPROJECT.ASM
                     NUM5   0x0000aa    program     static C:\Users\fariz fadil\Documents\MICROASSIGNMENT\MIDPROJECT.ASM
                     NUM6   0x0000b6    program     static C:\Users\fariz fadil\Documents\MICROASSIGNMENT\MIDPROJECT.ASM
                     NUM7   0x0000c2    program     static C:\Users\fariz fadil\Documents\MICROASSIGNMENT\MIDPROJECT.ASM
                     NUM8   0x0000ce    program     static C:\Users\fariz fadil\Documents\MICROASSIGNMENT\MIDPROJECT.ASM
                     NUM9   0x0000da    program     static C:\Users\fariz fadil\Documents\MICROASSIGNMENT\MIDPROJECT.ASM
                     STAR   0x0000e6    program     static C:\Users\fariz fadil\Documents\MICROASSIGNMENT\MIDPROJECT.ASM
                     NUM0   0x0000f2    program     static C:\Users\fariz fadil\Documents\MICROASSIGNMENT\MIDPROJECT.ASM
                  HASHTAG   0x0000fe    program     static C:\Users\fariz fadil\Documents\MICROASSIGNMENT\MIDPROJECT.ASM
                 writecmd   0x00010c    program     static C:\Users\fariz fadil\Documents\MICROASSIGNMENT\MIDPROJECT.ASM
                 sendDATA   0x00011a    program     static C:\Users\fariz fadil\Documents\MICROASSIGNMENT\MIDPROJECT.ASM
                    line1   0x000128    program     static C:\Users\fariz fadil\Documents\MICROASSIGNMENT\MIDPROJECT.ASM
                    line2   0x000136    program     static C:\Users\fariz fadil\Documents\MICROASSIGNMENT\MIDPROJECT.ASM
                      lcd   0x000144    program     static C:\Users\fariz fadil\Documents\MICROASSIGNMENT\MIDPROJECT.ASM
                   matrix   0x00014a    program     static C:\Users\fariz fadil\Documents\MICROASSIGNMENT\MIDPROJECT.ASM
                   cursor   0x000152    program     static C:\Users\fariz fadil\Documents\MICROASSIGNMENT\MIDPROJECT.ASM
               clrdisplay   0x00015a    program     static C:\Users\fariz fadil\Documents\MICROASSIGNMENT\MIDPROJECT.ASM
                   MYNAME   0x000164    program     static C:\Users\fariz fadil\Documents\MICROASSIGNMENT\MIDPROJECT.ASM
                     MYid   0x00019a    program     static C:\Users\fariz fadil\Documents\MICROASSIGNMENT\MIDPROJECT.ASM
                    show1   0x0001e2    program     static C:\Users\fariz fadil\Documents\MICROASSIGNMENT\MIDPROJECT.ASM
                    show2   0x0001f0    program     static C:\Users\fariz fadil\Documents\MICROASSIGNMENT\MIDPROJECT.ASM
                    show3   0x0001fe    program     static C:\Users\fariz fadil\Documents\MICROASSIGNMENT\MIDPROJECT.ASM
                    show4   0x00020c    program     static C:\Users\fariz fadil\Documents\MICROASSIGNMENT\MIDPROJECT.ASM
                    show5   0x00021a    program     static C:\Users\fariz fadil\Documents\MICROASSIGNMENT\MIDPROJECT.ASM
                    show6   0x000228    program     static C:\Users\fariz fadil\Documents\MICROASSIGNMENT\MIDPROJECT.ASM
                    show7   0x000236    program     static C:\Users\fariz fadil\Documents\MICROASSIGNMENT\MIDPROJECT.ASM
                    show8   0x000244    program     static C:\Users\fariz fadil\Documents\MICROASSIGNMENT\MIDPROJECT.ASM
                    show9   0x000252    program     static C:\Users\fariz fadil\Documents\MICROASSIGNMENT\MIDPROJECT.ASM
                    show0   0x000260    program     static C:\Users\fariz fadil\Documents\MICROASSIGNMENT\MIDPROJECT.ASM
                 showstar   0x00026e    program     static C:\Users\fariz fadil\Documents\MICROASSIGNMENT\MIDPROJECT.ASM
                    show#   0x00027c    program     static C:\Users\fariz fadil\Documents\MICROASSIGNMENT\MIDPROJECT.ASM
                    start   0x00028a    program     static C:\Users\fariz fadil\Documents\MICROASSIGNMENT\MIDPROJECT.ASM
                   check1   0x000292    program     static C:\Users\fariz fadil\Documents\MICROASSIGNMENT\MIDPROJECT.ASM
                   check2   0x00029a    program     static C:\Users\fariz fadil\Documents\MICROASSIGNMENT\MIDPROJECT.ASM
                   check3   0x0002a2    program     static C:\Users\fariz fadil\Documents\MICROASSIGNMENT\MIDPROJECT.ASM


